// Jest Snapshot v1, https://goo.gl/fbAQLP

exports[`Button component tests renders a Button component 1`] = `
ShallowWrapper {
  Symbol(enzyme.__root__): [Circular],
  Symbol(enzyme.__unrendered__): <Button
    title="Submit"
    type="submit"
  />,
  Symbol(enzyme.__renderer__): Object {
    "batchedUpdates": [Function],
    "getNode": [Function],
    "render": [Function],
    "simulateEvent": [Function],
    "unmount": [Function],
  },
  Symbol(enzyme.__node__): Object {
    "instance": null,
    "key": undefined,
    "nodeType": "host",
    "props": Object {
      "children": "Submit",
      "data-radium": true,
      "onMouseEnter": [Function],
      "onMouseLeave": [Function],
      "style": Object {
        "borderRadius": "5px",
        "height": "30px",
        "width": "60px",
      },
      "type": "submit",
    },
    "ref": null,
    "rendered": "Submit",
    "type": "button",
  },
  Symbol(enzyme.__nodes__): Array [
    Object {
      "instance": null,
      "key": undefined,
      "nodeType": "host",
      "props": Object {
        "children": "Submit",
        "data-radium": true,
        "onMouseEnter": [Function],
        "onMouseLeave": [Function],
        "style": Object {
          "borderRadius": "5px",
          "height": "30px",
          "width": "60px",
        },
        "type": "submit",
      },
      "ref": null,
      "rendered": "Submit",
      "type": "button",
    },
  ],
  Symbol(enzyme.__options__): Object {
    "adapter": ReactSixteenAdapter {
      "options": Object {
        "enableComponentDidUpdateOnSetState": true,
        "lifecycles": Object {
          "componentDidUpdate": Object {
            "onSetState": true,
          },
          "getDerivedStateFromProps": true,
          "getSnapshotBeforeUpdate": true,
          "setState": Object {
            "skipsComponentDidUpdateOnNullish": true,
          },
        },
      },
    },
    "attachTo": undefined,
    "hydrateIn": undefined,
  },
}
`;
