// Jest Snapshot v1, https://goo.gl/fbAQLP

exports[`Input component tests renders an Input component 1`] = `
ShallowWrapper {
  Symbol(enzyme.__root__): [Circular],
  Symbol(enzyme.__unrendered__): <Input
    id="name"
    name="name"
    type="text"
    value="Bob"
  />,
  Symbol(enzyme.__renderer__): Object {
    "batchedUpdates": [Function],
    "getNode": [Function],
    "render": [Function],
    "simulateEvent": [Function],
    "unmount": [Function],
  },
  Symbol(enzyme.__node__): Object {
    "instance": null,
    "key": undefined,
    "nodeType": "host",
    "props": Object {
      "children": Array [
        <label
          data-radium={true}
          htmlFor="name"
        >
          :
        </label>,
        <input
          data-radium={true}
          id="name"
          name="name"
          onChange={[Function]}
          style={
            Object {
              "borderRadius": "5px",
              "display": "block",
              "height": "20px",
              "margin": "2px 0 10px 0",
              "padding": "1px",
            }
          }
          type="text"
          value="Bob"
        />,
      ],
      "data-radium": true,
    },
    "ref": null,
    "rendered": Array [
      Object {
        "instance": null,
        "key": ".0",
        "nodeType": "host",
        "props": Object {
          "children": Array [
            ":",
          ],
          "data-radium": true,
          "htmlFor": "name",
        },
        "ref": null,
        "rendered": Array [
          ":",
        ],
        "type": "label",
      },
      Object {
        "instance": null,
        "key": ".1",
        "nodeType": "host",
        "props": Object {
          "children": undefined,
          "data-radium": true,
          "id": "name",
          "name": "name",
          "onChange": [Function],
          "style": Object {
            "borderRadius": "5px",
            "display": "block",
            "height": "20px",
            "margin": "2px 0 10px 0",
            "padding": "1px",
          },
          "type": "text",
          "value": "Bob",
        },
        "ref": null,
        "rendered": null,
        "type": "input",
      },
    ],
    "type": "div",
  },
  Symbol(enzyme.__nodes__): Array [
    Object {
      "instance": null,
      "key": undefined,
      "nodeType": "host",
      "props": Object {
        "children": Array [
          <label
            data-radium={true}
            htmlFor="name"
          >
            :
          </label>,
          <input
            data-radium={true}
            id="name"
            name="name"
            onChange={[Function]}
            style={
              Object {
                "borderRadius": "5px",
                "display": "block",
                "height": "20px",
                "margin": "2px 0 10px 0",
                "padding": "1px",
              }
            }
            type="text"
            value="Bob"
          />,
        ],
        "data-radium": true,
      },
      "ref": null,
      "rendered": Array [
        Object {
          "instance": null,
          "key": ".0",
          "nodeType": "host",
          "props": Object {
            "children": Array [
              ":",
            ],
            "data-radium": true,
            "htmlFor": "name",
          },
          "ref": null,
          "rendered": Array [
            ":",
          ],
          "type": "label",
        },
        Object {
          "instance": null,
          "key": ".1",
          "nodeType": "host",
          "props": Object {
            "children": undefined,
            "data-radium": true,
            "id": "name",
            "name": "name",
            "onChange": [Function],
            "style": Object {
              "borderRadius": "5px",
              "display": "block",
              "height": "20px",
              "margin": "2px 0 10px 0",
              "padding": "1px",
            },
            "type": "text",
            "value": "Bob",
          },
          "ref": null,
          "rendered": null,
          "type": "input",
        },
      ],
      "type": "div",
    },
  ],
  Symbol(enzyme.__options__): Object {
    "adapter": ReactSixteenAdapter {
      "options": Object {
        "enableComponentDidUpdateOnSetState": true,
        "lifecycles": Object {
          "componentDidUpdate": Object {
            "onSetState": true,
          },
          "getDerivedStateFromProps": true,
          "getSnapshotBeforeUpdate": true,
          "setState": Object {
            "skipsComponentDidUpdateOnNullish": true,
          },
        },
      },
    },
    "attachTo": undefined,
    "hydrateIn": undefined,
  },
}
`;
